<?xml version="1.0" encoding="UTF-8"?>
<TestRun id="02caf827-fe37-4133-97b3-033426d9f8c3" name="User@780847-PC 2012-06-17 21:24:16" runUser="780847-PC\User" xmlns="http://microsoft.com/schemas/VisualStudio/TeamTest/2010">
  <TestSettings name="Local" id="d8b9ca7c-7854-4490-a316-21eb3cde8ced">
    <Description>These are default test settings for a local test run.</Description>
    <Deployment enabled="false" runDeploymentRoot="User_780847-PC 2012-06-17 21_24_16">
      <DeploymentItem filename="D:\Projects\MontyWeb\Monty\packages\Shouldly.1.1.1.1\lib\35\Shouldly.dll" />
      <DeploymentItem filename="D:\Projects\MontyWeb\Monty\packages\SpecFlow.1.8.1\lib\net35\TechTalk.SpecFlow.dll" />
      <DeploymentItem filename="D:\Projects\MontyWeb\Monty\packages\NUnit.2.6.0.12054\lib\nunit.framework.dll" />
      <DeploymentItem filename="D:\Projects\MontyWeb\Monty\Monty\bin\Debug\Monty.dll" />
      <DeploymentItem filename="D:\Projects\Monty\Monty.Repository\bin\Debug\Monty.Repository.dll" />
    </Deployment>
    <Execution>
      <TestTypeSpecific />
      <AgentRule name="Execution Agents">
      </AgentRule>
    </Execution>
  </TestSettings>
  <Times creation="2012-06-17T21:24:16.6213940+01:00" queuing="2012-06-17T21:24:16.6663965+01:00" start="2012-06-17T21:24:16.6723969+01:00" finish="2012-06-17T21:24:17.2194282+01:00" />
  <ResultSummary outcome="Failed">
    <Counters total="1" executed="1" error="0" failed="1" timeout="0" aborted="0" inconclusive="0" passedButRunAborted="0" notRunnable="0" notExecuted="0" disconnected="0" warning="0" passed="0" completed="0" inProgress="0" pending="0" />
  </ResultSummary>
  <TestDefinitions>
    <UnitTest name="DeletingAPayPeriod" storage="d:\projects\montyweb\monty\monty.test.features\bin\debug\monty.test.features.dll" id="f7d5c748-f161-dfc2-e32b-986d08cd7f3f">
      <Description>Deleting a pay period</Description>
      <Execution id="87de6ea2-38c2-4c6d-9ee7-48f775c7889b" />
      <Properties>
        <Property>
          <Key>FeatureTitle</Key>
          <Value>Configuring Pay Period</Value>
        </Property>
      </Properties>
      <TestMethod codeBase="D:/Projects/MontyWeb/Monty/Monty.Test.Features/bin/Debug/Monty.Test.Features.DLL" adapterTypeName="Microsoft.VisualStudio.TestTools.TestTypes.Unit.UnitTestAdapter, Microsoft.VisualStudio.QualityTools.Tips.UnitTest.Adapter, Version=10.0.0.0, Culture=neutral, PublicKeyToken=b03f5f7f11d50a3a" className="Monty.Test.Features.ConfiguringPayPeriodFeature, Monty.Test.Features, Version=1.0.0.0, Culture=neutral, PublicKeyToken=null" name="DeletingAPayPeriod" />
    </UnitTest>
  </TestDefinitions>
  <TestLists>
    <TestList name="Results Not in a List" id="8c84fa94-04c1-424b-9868-57a2d4851a1d" />
    <TestList name="All Loaded Results" id="19431567-8539-422a-85d7-44ee4e166bda" />
  </TestLists>
  <TestEntries>
    <TestEntry testId="f7d5c748-f161-dfc2-e32b-986d08cd7f3f" executionId="87de6ea2-38c2-4c6d-9ee7-48f775c7889b" testListId="8c84fa94-04c1-424b-9868-57a2d4851a1d" />
  </TestEntries>
  <Results>
    <UnitTestResult executionId="87de6ea2-38c2-4c6d-9ee7-48f775c7889b" testId="f7d5c748-f161-dfc2-e32b-986d08cd7f3f" testName="DeletingAPayPeriod" computerName="780847-PC" duration="00:00:00.2279247" startTime="2012-06-17T21:24:16.6803973+01:00" endTime="2012-06-17T21:24:17.1374235+01:00" testType="13cdc9d9-ddb5-4fa4-a97d-d965ccfc6d4b" outcome="Failed" testListId="8c84fa94-04c1-424b-9868-57a2d4851a1d" relativeResultsDirectory="87de6ea2-38c2-4c6d-9ee7-48f775c7889b">
      <Output>
        <StdOut>Given I have a new system with pay periods
  --- table step argument ---
  | Name     | StartDate | EndDate  |
  | JuneTest | 1/1/2012  | 2/2/2012 |
-&gt; done: ConfiguringPayPeriod.GivenIHaveANewSystemWithPayPeriods(&lt;table&gt;) (0.2s)
When I delete JuneTest
-&gt; error: The method or operation is not implemented.
Then The pay period database should be empty
-&gt; skipped because of previous errors</StdOut>
        <ErrorInfo>
          <Message>Test method Monty.Test.Features.ConfiguringPayPeriodFeature.DeletingAPayPeriod threw exception: 
System.NotImplementedException: The method or operation is not implemented.</Message>
          <StackTrace>    at Monty.Repository.PayPeriodRepository.Delete(String name) in D:\Projects\Monty\Monty.Repository\PayPeriodRepository.cs:line 52
   at Monty.Test.Features.StepDefs.ConfiguringPayPeriod.WhenIDelete(String name) in D:\Projects\MontyWeb\Monty\Monty.Test.Features\StepDefs\ConfiguringPayPeriod.cs:line 81
   at lambda_method(Closure , IContextManager , String )
   at TechTalk.SpecFlow.Bindings.MethodBinding.InvokeAction(IContextManager contextManager, Object[] arguments, ITestTracer testTracer, TimeSpan&amp; duration)
   at TechTalk.SpecFlow.Bindings.StepDefinitionBinding.Invoke(IContextManager contextManager, ITestTracer testTracer, Object[] arguments, TimeSpan&amp; duration)
   at TechTalk.SpecFlow.Infrastructure.TestExecutionEngine.ExecuteStepMatch(BindingMatch match, Object[] arguments)
   at TechTalk.SpecFlow.Infrastructure.TestExecutionEngine.ExecuteStep(StepArgs stepArgs)
   at TechTalk.SpecFlow.Infrastructure.TestExecutionEngine.OnAfterLastStep()
   at TechTalk.SpecFlow.TestRunner.CollectScenarioErrors()
   at Monty.Test.Features.ConfiguringPayPeriodFeature.ScenarioCleanup() in D:\Projects\MontyWeb\Monty\Monty.Test.Features\ConfiguringPayPeriod.feature.cs:line 0
   at Monty.Test.Features.ConfiguringPayPeriodFeature.DeletingAPayPeriod() in d:\Projects\MontyWeb\Monty\Monty.Test.Features\ConfiguringPayPeriod.feature:line 42
</StackTrace>
        </ErrorInfo>
      </Output>
    </UnitTestResult>
  </Results>
</TestRun>